GAMS 47.6.0  c2de9d6d Sep 12, 2024          WEX-WEI x86 64bit/MS Windows - 10/21/24 23:38:06 Page 1
G e n e r a l   A l g e b r a i c   M o d e l i n g   S y s t e m
C o m p i l a t i o n


      CEE 6410 - Water Resources Systems Analysis
      Example 2.1 from Bishop Et Al Text (https://digitalcommons.usu.edu/ecstatic_all/76/)
      Modifies Example to add a labor constraint
       
      Formulate and solve the PRIMAL and DUALs of THE PROBLEM:
       
   9   
  10  * 1. DEFINE the SETS
  11  SETS plnt crops growing /Eggplant, Tomatoes/
  12       res resources /Water, Land, Labor/;
  13   
  14  * 2. DEFINE input data
  15  PARAMETERS
  16     c(plnt) Objective function coefficients ($ per plant)
  17           /Eggplant 6,
  18           Tomatoes 7/
  19     b(res) Right hand constraint values (per resource)
  20            /Water 4000000,
  21             Land  12000,
  22             Labor 17500 /;
  23   
  24  TABLE A(plnt,res) Left hand side constraint coefficients
  25                   Water    Land  Labor
  26   Eggplant        1000      4      5
  27   Tomatoes        2000      3      2.5;
  28   
  29  * 3. DEFINE the variables
  30  VARIABLES X(plnt) plants planted (Number)
  31            VPROFIT  total profit ($)
  32            Y(res)  value of resources used (units specific to variable)
  33            VREDCOST total reduced cost ($);
  34   
  35  * Non-negativity constraints
  36  POSITIVE VARIABLES X,Y;
  37   
  38  * 4. COMBINE variables and data in equations
  39  EQUATIONS
  40     PROFIT_PRIMAL Total profit ($) and objective function value
  41     RES_CONS_PRIMAL(res) Resource constraints
  42     REDCOST_DUAL Reduced Cost ($) associated with using resources
  43     RES_CONS_DUAL(plnt) Profit levels ;
  44   
  45  *Primal Equations
  46  PROFIT_PRIMAL..                 VPROFIT =E= SUM(plnt,c(plnt)*X(plnt));
  47  RES_CONS_PRIMAL(res) ..    SUM(plnt,A(plnt,res)*X(plnt)) =L= b(res);
  48   
  49  *Dual Equations
  50  REDCOST_DUAL..                 VREDCOST =E= SUM(res,b(res)*Y(res));
  51  RES_CONS_DUAL(plnt)..          sum(res,A(plnt,res)*Y(res)) =G= c(plnt);
  52   
  53  * 5. DEFINE the MODELS
  54  *PRIMAL model
  55  MODEL PLANT_PRIMAL /PROFIT_PRIMAL, RES_CONS_PRIMAL/;
  56  *Set the options file to print out range of basis information
  57  PLANT_PRIMAL.optfile = 1;
  58   
  59  *DUAL model
  60  MODEL PLANT_DUAL /REDCOST_DUAL, RES_CONS_DUAL/;
  61   
  62  * 6. SOLVE the MODELS
  63  * Solve the PLANTING PRIMAL model using a Linear Programming Solver (see File=>Options=>Solvers)
  64  *     to maximize VPROFIT
  65  SOLVE PLANT_PRIMAL USING LP MAXIMIZING VPROFIT;
  66   
  67  * Solve the PLANTING DUAL model using a Linear Programming Solver (see File=>Options=>Solvers)
  68  *     to maximize VPROFIT
  69  SOLVE PLANT_DUAL USING LP MINIMIZING VREDCOST;
  70  *Order does not matter!
  71   
  72  * 6. CLick File menu => RUN (F9) or Solve icon and examine solution report in .LST file
  73   
  74  * 7 . Dump all data and results to GAMS proprietary file storage .gdx and to Excel
  75  Execute_Unload "Ex2-1Dual.gdx";
  76  * Dump the gdx file to an Excel workbook
  77  Execute "gdx2xls Ex2-1Dual.gdx"
  78  * To open the GDX file in the GAMS IDE, select File => Open.
  79  * In the Open window, set Filetype to .gdx and select the file.


COMPILATION TIME     =        0.000 SECONDS      3 MB  47.6.0 c2de9d6d WEX-WEI
GAMS 47.6.0  c2de9d6d Sep 12, 2024          WEX-WEI x86 64bit/MS Windows - 10/21/24 23:38:06 Page 2
G e n e r a l   A l g e b r a i c   M o d e l i n g   S y s t e m
Equation Listing    SOLVE PLANT_PRIMAL Using LP From line 65


---- PROFIT_PRIMAL  =E=  Total profit ($) and objective function value

PROFIT_PRIMAL..  - 6*X(Eggplant) - 7*X(Tomatoes) + VPROFIT =E= 0 ; (LHS = 0)
     

---- RES_CONS_PRIMAL  =L=  Resource constraints

RES_CONS_PRIMAL(Water)..  1000*X(Eggplant) + 2000*X(Tomatoes) =L= 4000000 ; (LHS = 0)
     
RES_CONS_PRIMAL(Land)..  4*X(Eggplant) + 3*X(Tomatoes) =L= 12000 ; (LHS = 0)
     
RES_CONS_PRIMAL(Labor)..  5*X(Eggplant) + 2.5*X(Tomatoes) =L= 17500 ; (LHS = 0)
     
GAMS 47.6.0  c2de9d6d Sep 12, 2024          WEX-WEI x86 64bit/MS Windows - 10/21/24 23:38:06 Page 3
G e n e r a l   A l g e b r a i c   M o d e l i n g   S y s t e m
Column Listing      SOLVE PLANT_PRIMAL Using LP From line 65


---- X  plants planted (Number)

X(Eggplant)
                (.LO, .L, .UP, .M = 0, 0, +INF, 0)
       -6       PROFIT_PRIMAL
     1000       RES_CONS_PRIMAL(Water)
        4       RES_CONS_PRIMAL(Land)
        5       RES_CONS_PRIMAL(Labor)

X(Tomatoes)
                (.LO, .L, .UP, .M = 0, 0, +INF, 0)
       -7       PROFIT_PRIMAL
     2000       RES_CONS_PRIMAL(Water)
        3       RES_CONS_PRIMAL(Land)
        2.5     RES_CONS_PRIMAL(Labor)


---- VPROFIT  total profit ($)

VPROFIT
                (.LO, .L, .UP, .M = -INF, 0, +INF, 0)
        1       PROFIT_PRIMAL

GAMS 47.6.0  c2de9d6d Sep 12, 2024          WEX-WEI x86 64bit/MS Windows - 10/21/24 23:38:06 Page 4
G e n e r a l   A l g e b r a i c   M o d e l i n g   S y s t e m
Range Statistics    SOLVE PLANT_PRIMAL Using LP From line 65


RANGE STATISTICS (ABSOLUTE NON-ZERO FINITE VALUES)

RHS       [min, max] : [ 1.200E+04, 4.000E+06] - Zero values observed as well
Bound     [min, max] : [        NA,        NA] - Zero values observed as well
Matrix    [min, max] : [ 1.000E+00, 2.000E+03]

GAMS 47.6.0  c2de9d6d Sep 12, 2024          WEX-WEI x86 64bit/MS Windows - 10/21/24 23:38:06 Page 5
G e n e r a l   A l g e b r a i c   M o d e l i n g   S y s t e m
Model Statistics    SOLVE PLANT_PRIMAL Using LP From line 65


MODEL STATISTICS

BLOCKS OF EQUATIONS           2     SINGLE EQUATIONS            4
BLOCKS OF VARIABLES           2     SINGLE VARIABLES            3
NON ZERO ELEMENTS             9


GENERATION TIME      =        0.078 SECONDS      4 MB  47.6.0 c2de9d6d WEX-WEI
GAMS 47.6.0  c2de9d6d Sep 12, 2024          WEX-WEI x86 64bit/MS Windows - 10/21/24 23:38:06 Page 6
G e n e r a l   A l g e b r a i c   M o d e l i n g   S y s t e m
Solution Report     SOLVE PLANT_PRIMAL Using LP From line 65


               S O L V E      S U M M A R Y

     MODEL   PLANT_PRIMAL        OBJECTIVE  VPROFIT
     TYPE    LP                  DIRECTION  MAXIMIZE
     SOLVER  CPLEX               FROM LINE  65

**** SOLVER STATUS     1 Normal Completion
**** MODEL STATUS      1 Optimal
**** OBJECTIVE VALUE            20000.0000

 RESOURCE USAGE, LIMIT          0.016 10000000000.000
 ITERATION COUNT, LIMIT         3    2147483647
*** This solver runs with a community license.

*** Error Cannot open parameter file "C:\Users\gabis\Box\2024_Fall\CEE6410\gams_tareas\CEE6410-GabiSanchoJuarez\cplex.opt"
*** Error Error code = 2; No such file or directory

--- GMO setup time: 0.00s
--- GMO memory 0.50 Mb (peak 0.50 Mb)
--- Dictionary memory 0.00 Mb
--- Cplex 22.1.1.0 link memory 0.00 Mb (peak 0.00 Mb)
--- Starting Cplex


--- LP status (1): optimal.
--- Cplex Time: 0.02sec (det. 0.01 ticks)


Optimal solution found
Objective:        20000.000000


                           LOWER          LEVEL          UPPER         MARGINAL

---- EQU PROFIT_PR~          .              .              .             1.0000      

  PROFIT_PRIMAL  Total profit ($) and objective function value

---- EQU RES_CONS_PRIMAL  Resource constraints

             LOWER          LEVEL          UPPER         MARGINAL

Water        -INF      4000000.0000   4000000.0000         0.0020      
Land         -INF        12000.0000     12000.0000         1.0000      
Labor        -INF        14000.0000     17500.0000          .          

---- VAR X  plants planted (Number)

                LOWER          LEVEL          UPPER         MARGINAL

Eggplant          .          2400.0000        +INF             .          
Tomatoes          .           800.0000        +INF             .          

                           LOWER          LEVEL          UPPER         MARGINAL

---- VAR VPROFIT           -INF        20000.0000        +INF             .          

  VPROFIT  total profit ($)


**** REPORT SUMMARY :        0     NONOPT
                             0 INFEASIBLE
                             0  UNBOUNDED
GAMS 47.6.0  c2de9d6d Sep 12, 2024          WEX-WEI x86 64bit/MS Windows - 10/21/24 23:38:06 Page 7
G e n e r a l   A l g e b r a i c   M o d e l i n g   S y s t e m
Equation Listing    SOLVE PLANT_DUAL Using LP From line 69


---- REDCOST_DUAL  =E=  Reduced Cost ($) associated with using resources

REDCOST_DUAL..  - 4000000*Y(Water) - 12000*Y(Land) - 17500*Y(Labor) + VREDCOST =E= 0 ; (LHS = 0)
     

---- RES_CONS_DUAL  =G=  Profit levels

RES_CONS_DUAL(Eggplant)..  1000*Y(Water) + 4*Y(Land) + 5*Y(Labor) =G= 6 ; (LHS = 0, INFES = 6 ****)
     
RES_CONS_DUAL(Tomatoes)..  2000*Y(Water) + 3*Y(Land) + 2.5*Y(Labor) =G= 7 ; (LHS = 0, INFES = 7 ****)
     
GAMS 47.6.0  c2de9d6d Sep 12, 2024          WEX-WEI x86 64bit/MS Windows - 10/21/24 23:38:06 Page 8
G e n e r a l   A l g e b r a i c   M o d e l i n g   S y s t e m
Column Listing      SOLVE PLANT_DUAL Using LP From line 69


---- Y  value of resources used (units specific to variable)

Y(Water)
                (.LO, .L, .UP, .M = 0, 0, +INF, 0)
  -4.000000E+6  REDCOST_DUAL
     1000       RES_CONS_DUAL(Eggplant)
     2000       RES_CONS_DUAL(Tomatoes)

Y(Land)
                (.LO, .L, .UP, .M = 0, 0, +INF, 0)
   -12000       REDCOST_DUAL
        4       RES_CONS_DUAL(Eggplant)
        3       RES_CONS_DUAL(Tomatoes)

Y(Labor)
                (.LO, .L, .UP, .M = 0, 0, +INF, 0)
   -17500       REDCOST_DUAL
        5       RES_CONS_DUAL(Eggplant)
        2.5     RES_CONS_DUAL(Tomatoes)


---- VREDCOST  total reduced cost ($)

VREDCOST
                (.LO, .L, .UP, .M = -INF, 0, +INF, 0)
        1       REDCOST_DUAL

GAMS 47.6.0  c2de9d6d Sep 12, 2024          WEX-WEI x86 64bit/MS Windows - 10/21/24 23:38:06 Page 9
G e n e r a l   A l g e b r a i c   M o d e l i n g   S y s t e m
Range Statistics    SOLVE PLANT_DUAL Using LP From line 69


RANGE STATISTICS (ABSOLUTE NON-ZERO FINITE VALUES)

RHS       [min, max] : [ 6.000E+00, 7.000E+00] - Zero values observed as well
Bound     [min, max] : [        NA,        NA] - Zero values observed as well
Matrix    [min, max] : [ 1.000E+00, 4.000E+06]

GAMS 47.6.0  c2de9d6d Sep 12, 2024          WEX-WEI x86 64bit/MS Windows - 10/21/24 23:38:06 Page 10
G e n e r a l   A l g e b r a i c   M o d e l i n g   S y s t e m
Model Statistics    SOLVE PLANT_DUAL Using LP From line 69


MODEL STATISTICS

BLOCKS OF EQUATIONS           2     SINGLE EQUATIONS            3
BLOCKS OF VARIABLES           2     SINGLE VARIABLES            4
NON ZERO ELEMENTS            10


GENERATION TIME      =        0.094 SECONDS      4 MB  47.6.0 c2de9d6d WEX-WEI
GAMS 47.6.0  c2de9d6d Sep 12, 2024          WEX-WEI x86 64bit/MS Windows - 10/21/24 23:38:06 Page 11
G e n e r a l   A l g e b r a i c   M o d e l i n g   S y s t e m
Solution Report     SOLVE PLANT_DUAL Using LP From line 69


               S O L V E      S U M M A R Y

     MODEL   PLANT_DUAL          OBJECTIVE  VREDCOST
     TYPE    LP                  DIRECTION  MINIMIZE
     SOLVER  CPLEX               FROM LINE  69

**** SOLVER STATUS     1 Normal Completion
**** MODEL STATUS      1 Optimal
**** OBJECTIVE VALUE            20000.0000

 RESOURCE USAGE, LIMIT          0.000 10000000000.000
 ITERATION COUNT, LIMIT         2    2147483647
*** This solver runs with a community license.
--- GMO setup time: 0.00s
--- GMO memory 0.50 Mb (peak 0.50 Mb)
--- Dictionary memory 0.00 Mb
--- Cplex 22.1.1.0 link memory 0.00 Mb (peak 0.00 Mb)
--- Starting Cplex


--- LP status (1): optimal.
--- Cplex Time: 0.00sec (det. 0.01 ticks)


Optimal solution found
Objective:        20000.000000


                           LOWER          LEVEL          UPPER         MARGINAL

---- EQU REDCOST_D~          .              .              .             1.0000      

  REDCOST_DUAL  Reduced Cost ($) associated with using resources

---- EQU RES_CONS_DUAL  Profit levels

                LOWER          LEVEL          UPPER         MARGINAL

Eggplant         6.0000         6.0000        +INF         2400.0000      
Tomatoes         7.0000         7.0000        +INF          800.0000      

---- VAR Y  value of resources used (units specific to variable)

             LOWER          LEVEL          UPPER         MARGINAL

Water          .             0.0020        +INF             .          
Land           .             1.0000        +INF             .          
Labor          .              .            +INF         3500.0000      

                           LOWER          LEVEL          UPPER         MARGINAL

---- VAR VREDCOST          -INF        20000.0000        +INF             .          

  VREDCOST  total reduced cost ($)


**** REPORT SUMMARY :        0     NONOPT
                             0 INFEASIBLE
                             0  UNBOUNDED
GAMS 47.6.0  c2de9d6d Sep 12, 2024          WEX-WEI x86 64bit/MS Windows - 10/21/24 23:38:06 Page 12
G e n e r a l   A l g e b r a i c   M o d e l i n g   S y s t e m
E x e c u t i o n


EXECUTION TIME       =        2.078 SECONDS      4 MB  47.6.0 c2de9d6d WEX-WEI


USER: CEE 6410 Water Resources Systems Analysis      G240923|0002AO-GEN
      Utah State University, Utah Water Research Laboratory     DCE3763
      License for teaching and research at degree granting institutions


**** FILE SUMMARY

Input      C:\Users\gabis\Box\2024_Fall\CEE6410\gams_tareas\CEE6410-GabiSanchoJuarez\HW-6-Dual.gms
Output     C:\Users\gabis\Box\2024_Fall\CEE6410\gams_tareas\CEE6410-GabiSanchoJuarez\HW-6-Dual.lst
